C:\Users\iremn\staj-pinsoft\demo1\src\main\java\com\example\demo\Controller\CategoryController.java
C:\Users\iremn\staj-pinsoft\demo1\src\main\java\com\example\demo\Controller\ProductController.java
C:\Users\iremn\staj-pinsoft\demo1\src\main\java\com\example\demo\Demo1Application.java
C:\Users\iremn\staj-pinsoft\demo1\src\main\java\com\example\demo\Entity\Category.java
C:\Users\iremn\staj-pinsoft\demo1\src\main\java\com\example\demo\Entity\Product.java
C:\Users\iremn\staj-pinsoft\demo1\src\main\java\com\example\demo\Entity\Role.java
C:\Users\iremn\staj-pinsoft\demo1\src\main\java\com\example\demo\Entity\User.java
C:\Users\iremn\staj-pinsoft\demo1\src\main\java\com\example\demo\Repository\CategoryRepository.java
C:\Users\iremn\staj-pinsoft\demo1\src\main\java\com\example\demo\Repository\ProductRepository.java
C:\Users\iremn\staj-pinsoft\demo1\src\main\java\com\example\demo\Repository\RoleRepository.java
C:\Users\iremn\staj-pinsoft\demo1\src\main\java\com\example\demo\Repository\UserRepository.java
